Archive member included to satisfy reference by file (symbol)

/usr/lib/gcc/arm-none-eabi/4.8/armv7e-m/libgcc.a(_arm_addsubdf3.o)
                              hpl/sercom/hpl_sercom.o (__aeabi_dsub)
/usr/lib/gcc/arm-none-eabi/4.8/armv7e-m/libgcc.a(_arm_muldivdf3.o)
                              hpl/sercom/hpl_sercom.o (__aeabi_dmul)
/usr/lib/gcc/arm-none-eabi/4.8/armv7e-m/libgcc.a(_arm_fixunsdfsi.o)
                              hpl/sercom/hpl_sercom.o (__aeabi_d2uiz)
/usr/lib/gcc/arm-none-eabi/4.8/armv7e-m/libgcc.a(_aeabi_uldivmod.o)
                              hpl/sercom/hpl_sercom.o (__aeabi_uldivmod)
/usr/lib/gcc/arm-none-eabi/4.8/armv7e-m/libgcc.a(bpabi.o)
                              /usr/lib/gcc/arm-none-eabi/4.8/armv7e-m/libgcc.a(_aeabi_uldivmod.o) (__gnu_uldivmod_helper)
/usr/lib/gcc/arm-none-eabi/4.8/armv7e-m/libgcc.a(_dvmd_tls.o)
                              /usr/lib/gcc/arm-none-eabi/4.8/armv7e-m/libgcc.a(_aeabi_uldivmod.o) (__aeabi_ldiv0)
/usr/lib/gcc/arm-none-eabi/4.8/armv7e-m/libgcc.a(_divdi3.o)
                              /usr/lib/gcc/arm-none-eabi/4.8/armv7e-m/libgcc.a(bpabi.o) (__divdi3)
/usr/lib/gcc/arm-none-eabi/4.8/armv7e-m/libgcc.a(_udivdi3.o)
                              /usr/lib/gcc/arm-none-eabi/4.8/armv7e-m/libgcc.a(bpabi.o) (__udivdi3)
/usr/lib/gcc/arm-none-eabi/4.8/../../../arm-none-eabi/lib/armv7e-m/libc_nano.a(lib_a-atexit.o)
                              /usr/lib/gcc/arm-none-eabi/4.8/../../../arm-none-eabi/lib/armv7e-m/crt0.o (atexit)
/usr/lib/gcc/arm-none-eabi/4.8/../../../arm-none-eabi/lib/armv7e-m/libc_nano.a(lib_a-exit.o)
                              /usr/lib/gcc/arm-none-eabi/4.8/../../../arm-none-eabi/lib/armv7e-m/crt0.o (exit)
/usr/lib/gcc/arm-none-eabi/4.8/../../../arm-none-eabi/lib/armv7e-m/libc_nano.a(lib_a-fini.o)
                              /usr/lib/gcc/arm-none-eabi/4.8/../../../arm-none-eabi/lib/armv7e-m/crt0.o (__libc_fini_array)
/usr/lib/gcc/arm-none-eabi/4.8/../../../arm-none-eabi/lib/armv7e-m/libc_nano.a(lib_a-impure.o)
                              /usr/lib/gcc/arm-none-eabi/4.8/../../../arm-none-eabi/lib/armv7e-m/libc_nano.a(lib_a-exit.o) (_global_impure_ptr)
/usr/lib/gcc/arm-none-eabi/4.8/../../../arm-none-eabi/lib/armv7e-m/libc_nano.a(lib_a-init.o)
                              /usr/lib/gcc/arm-none-eabi/4.8/../../../arm-none-eabi/lib/armv7e-m/crt0.o (__libc_init_array)
/usr/lib/gcc/arm-none-eabi/4.8/../../../arm-none-eabi/lib/armv7e-m/libc_nano.a(lib_a-memset.o)
                              /usr/lib/gcc/arm-none-eabi/4.8/../../../arm-none-eabi/lib/armv7e-m/crt0.o (memset)
/usr/lib/gcc/arm-none-eabi/4.8/../../../arm-none-eabi/lib/armv7e-m/libc_nano.a(lib_a-printf.o)
                              hal/utils/src/utils_syscalls.o (printf)
/usr/lib/gcc/arm-none-eabi/4.8/../../../arm-none-eabi/lib/armv7e-m/libc_nano.a(lib_a-__atexit.o)
                              /usr/lib/gcc/arm-none-eabi/4.8/../../../arm-none-eabi/lib/armv7e-m/libc_nano.a(lib_a-atexit.o) (__register_exitproc)
/usr/lib/gcc/arm-none-eabi/4.8/../../../arm-none-eabi/lib/armv7e-m/libc_nano.a(lib_a-__call_atexit.o)
                              /usr/lib/gcc/arm-none-eabi/4.8/../../../arm-none-eabi/lib/armv7e-m/libc_nano.a(lib_a-__atexit.o) (__call_exitprocs)
/usr/lib/gcc/arm-none-eabi/4.8/../../../arm-none-eabi/lib/armv7e-m/libc_nano.a(lib_a-findfp.o)
                              /usr/lib/gcc/arm-none-eabi/4.8/../../../arm-none-eabi/lib/armv7e-m/libc_nano.a(lib_a-printf.o) (__sinit)
/usr/lib/gcc/arm-none-eabi/4.8/../../../arm-none-eabi/lib/armv7e-m/libc_nano.a(lib_a-fwalk.o)
                              /usr/lib/gcc/arm-none-eabi/4.8/../../../arm-none-eabi/lib/armv7e-m/libc_nano.a(lib_a-findfp.o) (_fwalk)
/usr/lib/gcc/arm-none-eabi/4.8/../../../arm-none-eabi/lib/armv7e-m/libc_nano.a(lib_a-nano-mallocr.o)
                              /usr/lib/gcc/arm-none-eabi/4.8/../../../arm-none-eabi/lib/armv7e-m/libc_nano.a(lib_a-findfp.o) (_malloc_r)
/usr/lib/gcc/arm-none-eabi/4.8/../../../arm-none-eabi/lib/armv7e-m/libc_nano.a(lib_a-nano-vfprintf.o)
                              /usr/lib/gcc/arm-none-eabi/4.8/../../../arm-none-eabi/lib/armv7e-m/libc_nano.a(lib_a-printf.o) (_vfprintf_r)
/usr/lib/gcc/arm-none-eabi/4.8/../../../arm-none-eabi/lib/armv7e-m/libc_nano.a(lib_a-sbrkr.o)
                              /usr/lib/gcc/arm-none-eabi/4.8/../../../arm-none-eabi/lib/armv7e-m/libc_nano.a(lib_a-nano-mallocr.o) (_sbrk_r)
/usr/lib/gcc/arm-none-eabi/4.8/../../../arm-none-eabi/lib/armv7e-m/libc_nano.a(lib_a-stdio.o)
                              /usr/lib/gcc/arm-none-eabi/4.8/../../../arm-none-eabi/lib/armv7e-m/libc_nano.a(lib_a-findfp.o) (__sread)
/usr/lib/gcc/arm-none-eabi/4.8/../../../arm-none-eabi/lib/armv7e-m/libc_nano.a(lib_a-wbuf.o)
                              /usr/lib/gcc/arm-none-eabi/4.8/../../../arm-none-eabi/lib/armv7e-m/libc_nano.a(lib_a-nano-vfprintf.o) (__swbuf_r)
/usr/lib/gcc/arm-none-eabi/4.8/../../../arm-none-eabi/lib/armv7e-m/libc_nano.a(lib_a-writer.o)
[...]
Memory Configuration

Name             Origin             Length             Attributes
rom              0x0000000000004000 0x000000000007c000 xr
ram              0x0000000020000000 0x0000000000030000 xrw
bkupram          0x0000000047000000 0x0000000000002000 xrw
qspi             0x0000000004000000 0x0000000001000000 xrw
*default*        0x0000000000000000 0xffffffffffffffff

Linker script and memory map

LOAD /usr/lib/gcc/arm-none-eabi/4.8/armv7e-m/crti.o
LOAD /usr/lib/gcc/arm-none-eabi/4.8/armv7e-m/crtbegin.o
LOAD /usr/lib/gcc/arm-none-eabi/4.8/../../../arm-none-eabi/lib/armv7e-m/crt0.o
LOAD hal/src/hal_io.o
LOAD hpl/systick/hpl_systick.o
LOAD hpl/core/hpl_core_m4.o
LOAD hal/utils/src/utils_syscalls.o
LOAD hal/src/hal_delay.o
LOAD hpl/oscctrl/hpl_oscctrl.o
LOAD hpl/core/hpl_init.o
LOAD hpl/gclk/hpl_gclk.o
LOAD hal/utils/src/utils_list.o
LOAD gcc/system_samd51.o
LOAD hal/utils/src/utils_assert.o
LOAD hpl/dmac/hpl_dmac.o
LOAD hpl/pm/hpl_pm.o
LOAD hal/src/hal_usart_sync.o
LOAD hpl/mclk/hpl_mclk.o
LOAD hpl/ramecc/hpl_ramecc.o
LOAD hal/src/hal_init.o
LOAD gcc/gcc/startup_samd51.o
LOAD main.o
LOAD gpio_local.o
LOAD usart.o
LOAD hpl/osc32kctrl/hpl_osc32kctrl.o
LOAD examples/driver_examples.o
LOAD driver_init.o
LOAD hpl/sercom/hpl_sercom.o
LOAD hal/src/hal_gpio.o
LOAD hal/utils/src/utils_event.o
LOAD hal/src/hal_sleep.o
LOAD atmel_start.o
LOAD hal/src/hal_atomic.o
START GROUP
LOAD /usr/lib/gcc/arm-none-eabi/4.8/../../../arm-none-eabi/lib/armv7e-m/libm.a
END GROUP
START GROUP
LOAD /usr/lib/gcc/arm-none-eabi/4.8/armv7e-m/libgcc.a
LOAD /usr/lib/gcc/arm-none-eabi/4.8/../../../arm-none-eabi/lib/armv7e-m/libc_nano.a
END GROUP
START GROUP
LOAD /usr/lib/gcc/arm-none-eabi/4.8/armv7e-m/libgcc.a
LOAD /usr/lib/gcc/arm-none-eabi/4.8/../../../arm-none-eabi/lib/armv7e-m/libc_nano.a
END GROUP
LOAD /usr/lib/gcc/arm-none-eabi/4.8/armv7e-m/crtend.o
LOAD /usr/lib/gcc/arm-none-eabi/4.8/armv7e-m/crtn.o
                0x000000000000c000                STACK_SIZE = DEFINED (STACK_SIZE)?STACK_SIZE:DEFINED (__stack_size__)?__stack_size__:0xc000

.text           0x0000000000004000      0x60c
                0x0000000000004000                . = ALIGN (0x4)
                0x0000000000004000                _sfixed = .
 *(.vectors .vectors.*)
 .vectors       0x0000000000004000      0x264 gcc/gcc/startup_samd51.o
                0x0000000000004000                exception_table
 *(.text .text.* .gnu.linkonce.t.*)
 .text          0x0000000000004264       0xac /usr/lib/gcc/arm-none-eabi/4.8/armv7e-m/crtbegin.o
 .text.SystemInit
                0x0000000000004310       0x10 gcc/system_samd51.o
                0x0000000000004310                SystemInit
 .text.RAMECC_Handler
                0x0000000000004320       0x38 hpl/ramecc/hpl_ramecc.o
                0x0000000000004320                RAMECC_Handler
 .text.Dummy_Handler
                0x0000000000004358        0x2 gcc/gcc/startup_samd51.o
                0x0000000000004358                EIC_5_Handler
                0x0000000000004358                SERCOM0_2_Handler
                0x0000000000004358                DebugMon_Handler
                0x0000000000004358                EIC_13_Handler
                0x0000000000004358                EVSYS_0_Handler
                0x0000000000004358                TCC1_3_Handler
                0x0000000000004358                DAC_3_Handler
                0x0000000000004358                TRNG_Handler
                0x0000000000004358                HardFault_Handler
                0x0000000000004358                TC2_Handler
                0x0000000000004358                PDEC_2_Handler
                0x0000000000004358                EIC_4_Handler
                0x0000000000004358                AC_Handler
                0x0000000000004358                SERCOM3_1_Handler
                0x0000000000004358                TCC2_3_Handler
                0x0000000000004358                SysTick_Handler
                0x0000000000004358                SERCOM3_2_Handler
                0x0000000000004358                PendSV_Handler
                0x0000000000004358                NMI_Handler
                0x0000000000004358                ADC1_1_Handler
                0x0000000000004358                EVSYS_3_Handler
                0x0000000000004358                PDEC_0_Handler
                0x0000000000004358                QSPI_Handler
                0x0000000000004358                TCC0_0_Handler
                0x0000000000004358                EIC_3_Handler
                0x0000000000004358                TAL_0_Handler
                0x0000000000004358                DAC_2_Handler
                0x0000000000004358                SERCOM0_0_Handler
                0x0000000000004358                RTC_Handler
                0x0000000000004358                UsageFault_Handler
                0x0000000000004358                SERCOM4_0_Handler
                0x0000000000004358                EIC_10_Handler
                0x0000000000004358                SERCOM0_3_Handler
                0x0000000000004358                EIC_11_Handler
                0x0000000000004358                EIC_9_Handler
                0x0000000000004358                OSC32KCTRL_Handler
                0x0000000000004358                TCC2_1_Handler
                0x0000000000004358                SUPC_1_Handler
                0x0000000000004358                TCC0_5_Handler
                0x0000000000004358                TCC0_6_Handler
                0x0000000000004358                EVSYS_1_Handler
                0x0000000000004358                TCC1_4_Handler
                0x0000000000004358                DMAC_0_Handler
                0x0000000000004358                WDT_Handler
                0x0000000000004358                EIC_8_Handler
                0x0000000000004358                EIC_15_Handler
                0x0000000000004358                SERCOM5_0_Handler
                0x0000000000004358                TC4_Handler
                0x0000000000004358                TC1_Handler
                0x0000000000004358                OSCCTRL_4_Handler
                0x0000000000004358                SERCOM4_3_Handler
                0x0000000000004358                EIC_12_Handler
                0x0000000000004358                DMAC_4_Handler
                0x0000000000004358                TCC4_2_Handler
                0x0000000000004358                PAC_Handler
                0x0000000000004358                TCC1_0_Handler
                0x0000000000004358                USB_0_Handler
                0x0000000000004358                OSCCTRL_0_Handler
                0x0000000000004358                EIC_0_Handler
                0x0000000000004358                OSCCTRL_3_Handler
                0x0000000000004358                SERCOM4_1_Handler
                0x0000000000004358                TC3_Handler
                0x0000000000004358                Dummy_Handler
                0x0000000000004358                TCC3_0_Handler
                0x0000000000004358                TCC2_2_Handler
                0x0000000000004358                SERCOM5_1_Handler
                0x0000000000004358                TCC1_1_Handler
                0x0000000000004358                DMAC_2_Handler
                0x0000000000004358                ADC0_0_Handler
                0x0000000000004358                SERCOM0_1_Handler
                0x0000000000004358                OSCCTRL_2_Handler
                0x0000000000004358                ADC1_0_Handler
                0x0000000000004358                TCC1_2_Handler
                0x0000000000004358                USB_1_Handler
                0x0000000000004358                PM_Handler
                0x0000000000004358                SERCOM2_3_Handler
                0x0000000000004358                DAC_4_Handler
                0x0000000000004358                TCC3_2_Handler
                0x0000000000004358                TCC0_2_Handler
                0x0000000000004358                DMAC_1_Handler
                0x0000000000004358                TCC4_0_Handler
                0x0000000000004358                USB_3_Handler
                0x0000000000004358                TCC2_0_Handler
                0x0000000000004358                PDEC_1_Handler
                0x0000000000004358                MemManage_Handler
                0x0000000000004358                TCC4_1_Handler
                0x0000000000004358                SERCOM5_3_Handler
                0x0000000000004358                USB_2_Handler
                0x0000000000004358                SVC_Handler
                0x0000000000004358                SDHC0_Handler
                0x0000000000004358                SERCOM1_1_Handler
                0x0000000000004358                I2S_Handler
                0x0000000000004358                EIC_2_Handler
                0x0000000000004358                PCC_Handler
                0x0000000000004358                DAC_0_Handler
                0x0000000000004358                TCC0_1_Handler
                0x0000000000004358                SERCOM1_3_Handler
                0x0000000000004358                EIC_6_Handler
                0x0000000000004358                OSCCTRL_1_Handler
                0x0000000000004358                SERCOM1_0_Handler
                0x0000000000004358                PUKCC_Handler
                0x0000000000004358                SERCOM2_1_Handler
                0x0000000000004358                SERCOM1_2_Handler
                0x0000000000004358                SERCOM3_0_Handler
                0x0000000000004358                EIC_1_Handler
                0x0000000000004358                SERCOM4_2_Handler
                0x0000000000004358                EVSYS_4_Handler
                0x0000000000004358                EIC_7_Handler
                0x0000000000004358                NVMCTRL_1_Handler
                0x0000000000004358                SERCOM5_2_Handler
                0x0000000000004358                ADC0_1_Handler
                0x0000000000004358                SERCOM3_3_Handler
                0x0000000000004358                SERCOM2_2_Handler
                0x0000000000004358                TCC3_1_Handler
                0x0000000000004358                EIC_14_Handler
                0x0000000000004358                DAC_1_Handler
                0x0000000000004358                NVMCTRL_0_Handler
                0x0000000000004358                TAL_1_Handler
                0x0000000000004358                MCLK_Handler
                0x0000000000004358                EVSYS_2_Handler
                0x0000000000004358                SUPC_0_Handler
                0x0000000000004358                BusFault_Handler
                0x0000000000004358                FREQM_Handler
                0x0000000000004358                TC0_Handler
                0x0000000000004358                TCC0_3_Handler
                0x0000000000004358                DMAC_3_Handler
                0x0000000000004358                TCC0_4_Handler
                0x0000000000004358                TC5_Handler
                0x0000000000004358                SERCOM2_0_Handler
                0x0000000000004358                ICM_Handler
                0x0000000000004358                AES_Handler
 *fill*         0x000000000000435a        0x2 
 .text.Reset_Handler
                0x000000000000435c       0x80 gcc/gcc/startup_samd51.o
                0x000000000000435c                Reset_Handler
 .text.uSec     0x00000000000043dc       0x16 main.o
                0x00000000000043dc                uSec
 *fill*         0x00000000000043f2        0x2 
 .text.short_timer
                0x00000000000043f4       0x20 main.o
                0x00000000000043f4                short_timer
 .text.flicker_LED
                0x0000000000004414       0x20 main.o
                0x0000000000004414                flicker_LED
 .text.clock_init
                0x0000000000004434       0xf0 main.o
                0x0000000000004434                clock_init
 .text.nmain    0x0000000000004524       0x1c main.o
                0x0000000000004524                nmain
 .text.startup.main
                0x0000000000004540       0x24 main.o
                0x0000000000004540                main
 .text.init_act_LED
                0x0000000000004564       0x1c gpio_local.o
                0x0000000000004564                init_act_LED
 .text.raise_D13_feather
                0x0000000000004580       0x10 gpio_local.o
                0x0000000000004580                raise_D13_feather
 .text.lower_D13_feather
                0x0000000000004590       0x10 gpio_local.o
                0x0000000000004590                lower_D13_feather
 .text.__libc_init_array
                0x00000000000045a0       0x4c /usr/lib/gcc/arm-none-eabi/4.8/../../../arm-none-eabi/lib/armv7e-m/libc_nano.a(lib_a-init.o)
                0x00000000000045a0                __libc_init_array
 *(.glue_7t)
 .glue_7t       0x00000000000045ec        0x0 linker stubs
 *(.glue_7)
 .glue_7        0x00000000000045ec        0x0 linker stubs
 *(.rodata .rodata* .gnu.linkonce.r.*)
 *(.ARM.extab* .gnu.linkonce.armextab.*)
                0x00000000000045ec                . = ALIGN (0x4)
 *(.init)
 .init          0x00000000000045ec        0x4 /usr/lib/gcc/arm-none-eabi/4.8/armv7e-m/crti.o
                0x00000000000045ec                _init
 .init          0x00000000000045f0        0x8 /usr/lib/gcc/arm-none-eabi/4.8/armv7e-m/crtn.o
                0x00000000000045f8                . = ALIGN (0x4)
                0x00000000000045f8                __preinit_array_start = .
 *(.preinit_array)
                0x00000000000045f8                __preinit_array_end = .
                0x00000000000045f8                . = ALIGN (0x4)
                0x00000000000045f8                __init_array_start = .
 *(SORT(.init_array.*))
 *(.init_array)
 .init_array    0x00000000000045f8        0x4 /usr/lib/gcc/arm-none-eabi/4.8/armv7e-m/crtbegin.o
                0x00000000000045fc                __init_array_end = .
                0x00000000000045fc                . = ALIGN (0x4)
 *crtbegin.o(.ctors)
 *(EXCLUDE_FILE(*crtend.o) .ctors)
 *(SORT(.ctors.*))
 *crtend.o(.ctors)
                0x00000000000045fc                . = ALIGN (0x4)
 *(.fini)
 .fini          0x00000000000045fc        0x4 /usr/lib/gcc/arm-none-eabi/4.8/armv7e-m/crti.o
                0x00000000000045fc                _fini
 .fini          0x0000000000004600        0x8 /usr/lib/gcc/arm-none-eabi/4.8/armv7e-m/crtn.o
                0x0000000000004608                . = ALIGN (0x4)
                0x0000000000004608                __fini_array_start = .
 *(.fini_array)
 .fini_array    0x0000000000004608        0x4 /usr/lib/gcc/arm-none-eabi/4.8/armv7e-m/crtbegin.o
 *(SORT(.fini_array.*))
                0x000000000000460c                __fini_array_end = .
 *crtbegin.o(.dtors)
 *(EXCLUDE_FILE(*crtend.o) .dtors)
 *(SORT(.dtors.*))
 *crtend.o(.dtors)
                0x000000000000460c                . = ALIGN (0x4)
                0x000000000000460c                _efixed = .
                0x000000000000460c                PROVIDE (__exidx_start, .)

.vfp11_veneer   0x000000000000460c        0x0
 .vfp11_veneer  0x000000000000460c        0x0 linker stubs

.v4_bx          0x000000000000460c        0x0
 .v4_bx         0x000000000000460c        0x0 linker stubs

.iplt           0x000000000000460c        0x0
 .iplt          0x000000000000460c        0x0 /usr/lib/gcc/arm-none-eabi/4.8/armv7e-m/crtbegin.o

.eh_frame       0x000000000000460c        0x0
 .eh_frame      0x000000000000460c        0x0 /usr/lib/gcc/arm-none-eabi/4.8/armv7e-m/crtbegin.o

.rel.dyn        0x000000000000460c        0x0
 .rel.iplt      0x000000000000460c        0x0 /usr/lib/gcc/arm-none-eabi/4.8/armv7e-m/crtbegin.o

.jcr            0x000000000000460c        0x0
 .jcr           0x000000000000460c        0x0 /usr/lib/gcc/arm-none-eabi/4.8/armv7e-m/crtbegin.o

.tm_clone_table
                0x000000000000460c        0x0
 .tm_clone_table
                0x000000000000460c        0x0 /usr/lib/gcc/arm-none-eabi/4.8/armv7e-m/crtbegin.o
 .tm_clone_table
                0x000000000000460c        0x0 /usr/lib/gcc/arm-none-eabi/4.8/armv7e-m/crtend.o

.igot.plt       0x000000000000460c        0x0
 .igot.plt      0x000000000000460c        0x0 /usr/lib/gcc/arm-none-eabi/4.8/armv7e-m/crtbegin.o

.ARM.exidx
 *(.ARM.exidx* .gnu.linkonce.armexidx.*)
                0x000000000000460c                PROVIDE (__exidx_end, .)
                0x000000000000460c                . = ALIGN (0x4)
                0x000000000000460c                _etext = .

.relocate       0x0000000020000000        0x4 load address 0x000000000000460c
                0x0000000020000000                . = ALIGN (0x4)
                0x0000000020000000                _srelocate = .
 *(.ramfunc .ramfunc.*)
 *(.data .data.*)
 .data          0x0000000020000000        0x4 gcc/system_samd51.o
                0x0000000020000000                SystemCoreClock
                0x0000000020000004                . = ALIGN (0x4)
                0x0000000020000004                _erelocate = .

.bkupram        0x0000000047000000        0x0
                0x0000000047000000                . = ALIGN (0x8)
                0x0000000047000000                _sbkupram = .
 *(.bkupram .bkupram.*)
                0x0000000047000000                . = ALIGN (0x8)
                0x0000000047000000                _ebkupram = .

.qspi           0x0000000004000000        0x0
                0x0000000004000000                . = ALIGN (0x8)
                0x0000000004000000                _sqspi = .
 *(.qspi .qspi.*)
                0x0000000004000000                . = ALIGN (0x8)
                0x0000000004000000                _eqspi = .

.bss            0x0000000020000004       0x2c load address 0x0000000000004610
                0x0000000020000004                . = ALIGN (0x4)
                0x0000000020000004                _sbss = .
                0x0000000020000004                _szero = .
 *(.bss .bss.*)
 .bss           0x0000000020000004       0x1c /usr/lib/gcc/arm-none-eabi/4.8/armv7e-m/crtbegin.o
 *(COMMON)
 COMMON         0x0000000020000020       0x10 hpl/ramecc/hpl_ramecc.o
                0x0000000020000020                device
                0x0000000020000030                . = ALIGN (0x4)
                0x0000000020000030                _ebss = .
                0x0000000020000030                _ezero = .

.stack          0x0000000020000030     0xc000 load address 0x000000000000463c
                0x0000000020000030                . = ALIGN (0x8)
                0x0000000020000030                _sstack = .
                0x000000002000c030                . = (. + STACK_SIZE)
 *fill*         0x0000000020000030     0xc000 
                0x000000002000c030                . = ALIGN (0x8)
                0x000000002000c030                _estack = .
                0x000000002000c030                . = ALIGN (0x4)
                0x000000002000c030                _end = .
OUTPUT(AtmelStart.elf elf32-littlearm)

.ARM.attributes
                0x0000000000000000       0x2e
 .ARM.attributes
                0x0000000000000000       0x1e /usr/lib/gcc/arm-none-eabi/4.8/armv7e-m/crti.o
 .ARM.attributes
                0x000000000000001e       0x2e /usr/lib/gcc/arm-none-eabi/4.8/armv7e-m/crtbegin.o
 .ARM.attributes
                0x000000000000004c       0x37 gcc/system_samd51.o
 .ARM.attributes
                0x0000000000000083       0x37 hpl/ramecc/hpl_ramecc.o
 .ARM.attributes
                0x00000000000000ba       0x37 gcc/gcc/startup_samd51.o
 .ARM.attributes
                0x00000000000000f1       0x37 main.o
 .ARM.attributes
                0x0000000000000128       0x37 gpio_local.o
 .ARM.attributes
                0x000000000000015f       0x2e /usr/lib/gcc/arm-none-eabi/4.8/../../../arm-none-eabi/lib/armv7e-m/libc_nano.a(lib_a-init.o)
 .ARM.attributes
                0x000000000000018d       0x2e /usr/lib/gcc/arm-none-eabi/4.8/armv7e-m/crtend.o
 .ARM.attributes
                0x00000000000001bb       0x1e /usr/lib/gcc/arm-none-eabi/4.8/armv7e-m/crtn.o

.comment        0x0000000000000000       0x58
 .comment       0x0000000000000000       0x2d /usr/lib/gcc/arm-none-eabi/4.8/armv7e-m/crtbegin.o
                                         0x2e (size before relaxing)
 .comment       0x000000000000002d       0x2e gcc/system_samd51.o
 .comment       0x000000000000002d       0x2e hpl/ramecc/hpl_ramecc.o
 .comment       0x000000000000002d       0x2e gcc/gcc/startup_samd51.o
 .comment       0x000000000000002d       0x2e main.o
 .comment       0x000000000000002d       0x2e gpio_local.o
 .comment       0x000000000000002d       0x2b /usr/lib/gcc/arm-none-eabi/4.8/../../../arm-none-eabi/lib/armv7e-m/libc_nano.a(lib_a-init.o)
                                         0x2c (size before relaxing)
 .comment       0x0000000000000058       0x2e /usr/lib/gcc/arm-none-eabi/4.8/armv7e-m/crtend.o

.debug_info     0x0000000000000000     0x4a5f
 .debug_info    0x0000000000000000       0xe7 gcc/system_samd51.o
 .debug_info    0x00000000000000e7      0xb80 hpl/ramecc/hpl_ramecc.o
 .debug_info    0x0000000000000c67      0xb75 gcc/gcc/startup_samd51.o
 .debug_info    0x00000000000017dc     0x25f5 main.o
 .debug_info    0x0000000000003dd1      0xb89 gpio_local.o
 .debug_info    0x000000000000495a      0x105 /usr/lib/gcc/arm-none-eabi/4.8/../../../arm-none-eabi/lib/armv7e-m/libc_nano.a(lib_a-init.o)

.debug_abbrev   0x0000000000000000      0x9b4
 .debug_abbrev  0x0000000000000000       0x7b gcc/system_samd51.o
 .debug_abbrev  0x000000000000007b      0x2ca hpl/ramecc/hpl_ramecc.o
 .debug_abbrev  0x0000000000000345      0x177 gcc/gcc/startup_samd51.o
 .debug_abbrev  0x00000000000004bc      0x23d main.o
 .debug_abbrev  0x00000000000006f9      0x201 gpio_local.o
 .debug_abbrev  0x00000000000008fa       0xba /usr/lib/gcc/arm-none-eabi/4.8/../../../arm-none-eabi/lib/armv7e-m/libc_nano.a(lib_a-init.o)

.debug_aranges  0x0000000000000000      0x148
 .debug_aranges
                0x0000000000000000       0x28 gcc/system_samd51.o
 .debug_aranges
                0x0000000000000028       0x30 hpl/ramecc/hpl_ramecc.o
 .debug_aranges
                0x0000000000000058       0x28 gcc/gcc/startup_samd51.o
 .debug_aranges
                0x0000000000000080       0x78 main.o
 .debug_aranges
                0x00000000000000f8       0x30 gpio_local.o
 .debug_aranges
                0x0000000000000128       0x20 /usr/lib/gcc/arm-none-eabi/4.8/../../../arm-none-eabi/lib/armv7e-m/libc_nano.a(lib_a-init.o)

.debug_ranges   0x0000000000000000      0x118
 .debug_ranges  0x0000000000000000       0x18 gcc/system_samd51.o
 .debug_ranges  0x0000000000000018       0x20 hpl/ramecc/hpl_ramecc.o
 .debug_ranges  0x0000000000000038       0x18 gcc/gcc/startup_samd51.o
 .debug_ranges  0x0000000000000050       0x98 main.o
 .debug_ranges  0x00000000000000e8       0x20 gpio_local.o
 .debug_ranges  0x0000000000000108       0x10 /usr/lib/gcc/arm-none-eabi/4.8/../../../arm-none-eabi/lib/armv7e-m/libc_nano.a(lib_a-init.o)

.debug_macro    0x0000000000000000     0x1e78
 .debug_macro   0x0000000000000000      0x41d gcc/system_samd51.o
 .debug_macro   0x000000000000041d       0x55 gcc/system_samd51.o
 .debug_macro   0x0000000000000472      0x5f3 hpl/ramecc/hpl_ramecc.o
 .debug_macro   0x0000000000000a65      0x417 gcc/gcc/startup_samd51.o
 .debug_macro   0x0000000000000e7c      0x7d1 main.o
 .debug_macro   0x000000000000164d       0x94 main.o
 .debug_macro   0x00000000000016e1       0x16 main.o
 .debug_macro   0x00000000000016f7       0x16 main.o
 .debug_macro   0x000000000000170d       0x29 main.o
 .debug_macro   0x0000000000001736       0x34 main.o
 .debug_macro   0x000000000000176a       0x2e main.o
 .debug_macro   0x0000000000001798       0x2e main.o
 .debug_macro   0x00000000000017c6       0x22 main.o
 .debug_macro   0x00000000000017e8      0x690 gpio_local.o

.debug_line     0x0000000000000000     0x2a06
 .debug_line    0x0000000000000000      0x54e gcc/system_samd51.o
 .debug_line    0x000000000000054e      0x91f hpl/ramecc/hpl_ramecc.o
 .debug_line    0x0000000000000e6d      0x576 gcc/gcc/startup_samd51.o
 .debug_line    0x00000000000013e3      0xbcd main.o
 .debug_line    0x0000000000001fb0      0x9a2 gpio_local.o
 .debug_line    0x0000000000002952       0xb4 /usr/lib/gcc/arm-none-eabi/4.8/../../../arm-none-eabi/lib/armv7e-m/libc_nano.a(lib_a-init.o)

.debug_str      0x0000000000000000    0xdcb7d
 .debug_str     0x0000000000000000    0xd7491 gcc/system_samd51.o
                                      0xd783b (size before relaxing)
 .debug_str     0x00000000000d7491     0x2114 hpl/ramecc/hpl_ramecc.o
                                      0xd9a6f (size before relaxing)
 .debug_str     0x00000000000d95a5      0xb5b gcc/gcc/startup_samd51.o
                                      0xd8378 (size before relaxing)
 .debug_str     0x00000000000da100     0x2554 main.o
                                      0xdb1b7 (size before relaxing)
 .debug_str     0x00000000000dc654      0x39f gpio_local.o
                                      0xd93b2 (size before relaxing)
 .debug_str     0x00000000000dc9f3      0x18a /usr/lib/gcc/arm-none-eabi/4.8/../../../arm-none-eabi/lib/armv7e-m/libc_nano.a(lib_a-init.o)
                                        0x229 (size before relaxing)

.debug_frame    0x0000000000000000      0x248
 .debug_frame   0x0000000000000000       0x30 gcc/system_samd51.o
 .debug_frame   0x0000000000000030       0x4c hpl/ramecc/hpl_ramecc.o
 .debug_frame   0x000000000000007c       0x38 gcc/gcc/startup_samd51.o
 .debug_frame   0x00000000000000b4      0x128 main.o
 .debug_frame   0x00000000000001dc       0x40 gpio_local.o
 .debug_frame   0x000000000000021c       0x2c /usr/lib/gcc/arm-none-eabi/4.8/../../../arm-none-eabi/lib/armv7e-m/libc_nano.a(lib_a-init.o)

.debug_loc      0x0000000000000000      0x278
 .debug_loc     0x0000000000000000       0xdb hpl/ramecc/hpl_ramecc.o
 .debug_loc     0x00000000000000db       0x2b gcc/gcc/startup_samd51.o
 .debug_loc     0x0000000000000106      0x11e main.o
 .debug_loc     0x0000000000000224       0x54 /usr/lib/gcc/arm-none-eabi/4.8/../../../arm-none-eabi/lib/armv7e-m/libc_nano.a(lib_a-init.o)
