Archive member included to satisfy reference by file (symbol)

/home/chris/dev/bin/../lib/gcc/arm-none-eabi/7.3.1/../../../../arm-none-eabi/lib/thumb/v7e-m/libc_nano.a(lib_a-exit.o)
                              /home/chris/dev/bin/../lib/gcc/arm-none-eabi/7.3.1/../../../../arm-none-eabi/lib/thumb/v7e-m/crt0.o (exit)
/home/chris/dev/bin/../lib/gcc/arm-none-eabi/7.3.1/../../../../arm-none-eabi/lib/thumb/v7e-m/libc_nano.a(lib_a-impure.o)
                              /home/chris/dev/bin/../lib/gcc/arm-none-eabi/7.3.1/../../../../arm-none-eabi/lib/thumb/v7e-m/libc_nano.a(lib_a-exit.o) (_global_impure_ptr)
/home/chris/dev/bin/../lib/gcc/arm-none-eabi/7.3.1/../../../../arm-none-eabi/lib/thumb/v7e-m/libc_nano.a(lib_a-init.o)
                              /home/chris/dev/bin/../lib/gcc/arm-none-eabi/7.3.1/../../../../arm-none-eabi/lib/thumb/v7e-m/crt0.o (__libc_init_array)
/home/chris/dev/bin/../lib/gcc/arm-none-eabi/7.3.1/../../../../arm-none-eabi/lib/thumb/v7e-m/libc_nano.a(lib_a-memset.o)
                              /home/chris/dev/bin/../lib/gcc/arm-none-eabi/7.3.1/../../../../arm-none-eabi/lib/thumb/v7e-m/crt0.o (memset)
/home/chris/dev/bin/../lib/gcc/arm-none-eabi/7.3.1/../../../../arm-none-eabi/lib/thumb/v7e-m/libc_nano.a(lib_a-printf.o)
                              hal/utils/src/utils_syscalls.o (printf)
/home/chris/dev/bin/../lib/gcc/arm-none-eabi/7.3.1/../../../../arm-none-eabi/lib/thumb/v7e-m/libc_nano.a(lib_a-findfp.o)
                              /home/chris/dev/bin/../lib/gcc/arm-none-eabi/7.3.1/../../../../arm-none-eabi/lib/thumb/v7e-m/libc_nano.a(lib_a-printf.o) (__sinit)
/home/chris/dev/bin/../lib/gcc/arm-none-eabi/7.3.1/../../../../arm-none-eabi/lib/thumb/v7e-m/libc_nano.a(lib_a-fwalk.o)
                              /home/chris/dev/bin/../lib/gcc/arm-none-eabi/7.3.1/../../../../arm-none-eabi/lib/thumb/v7e-m/libc_nano.a(lib_a-findfp.o) (_fwalk)
/home/chris/dev/bin/../lib/gcc/arm-none-eabi/7.3.1/../../../../arm-none-eabi/lib/thumb/v7e-m/libc_nano.a(lib_a-nano-mallocr.o)
                              /home/chris/dev/bin/../lib/gcc/arm-none-eabi/7.3.1/../../../../arm-none-eabi/lib/thumb/v7e-m/libc_nano.a(lib_a-findfp.o) (_malloc_r)
/home/chris/dev/bin/../lib/gcc/arm-none-eabi/7.3.1/../../../../arm-none-eabi/lib/thumb/v7e-m/libc_nano.a(lib_a-nano-vfprintf.o)
                              /home/chris/dev/bin/../lib/gcc/arm-none-eabi/7.3.1/../../../../arm-none-eabi/lib/thumb/v7e-m/libc_nano.a(lib_a-printf.o) (_vfprintf_r)
/home/chris/dev/bin/../lib/gcc/arm-none-eabi/7.3.1/../../../../arm-none-eabi/lib/thumb/v7e-m/libc_nano.a(lib_a-nano-vfprintf_i.o)
                              /home/chris/dev/bin/../lib/gcc/arm-none-eabi/7.3.1/../../../../arm-none-eabi/lib/thumb/v7e-m/libc_nano.a(lib_a-nano-vfprintf.o) (_printf_i)
/home/chris/dev/bin/../lib/gcc/arm-none-eabi/7.3.1/../../../../arm-none-eabi/lib/thumb/v7e-m/libc_nano.a(lib_a-sbrkr.o)
                              /home/chris/dev/bin/../lib/gcc/arm-none-eabi/7.3.1/../../../../arm-none-eabi/lib/thumb/v7e-m/libc_nano.a(lib_a-nano-mallocr.o) (_sbrk_r)
/home/chris/dev/bin/../lib/gcc/arm-none-eabi/7.3.1/../../../../arm-none-eabi/lib/thumb/v7e-m/libc_nano.a(lib_a-stdio.o)
                              /home/chris/dev/bin/../lib/gcc/arm-none-eabi/7.3.1/../../../../arm-none-eabi/lib/thumb/v7e-m/libc_nano.a(lib_a-findfp.o) (__sread)
/home/chris/dev/bin/../lib/gcc/arm-none-eabi/7.3.1/../../../../arm-none-eabi/lib/thumb/v7e-m/libc_nano.a(lib_a-wbuf.o)
                              /home/chris/dev/bin/../lib/gcc/arm-none-eabi/7.3.1/../../../../arm-none-eabi/lib/thumb/v7e-m/libc_nano.a(lib_a-nano-vfprintf.o) (__swbuf_r)
/home/chris/dev/bin/../lib/gcc/arm-none-eabi/7.3.1/../../../../arm-none-eabi/lib/thumb/v7e-m/libc_nano.a(lib_a-writer.o)
                              /home/chris/dev/bin/../lib/gcc/arm-none-eabi/7.3.1/../../../../arm-none-eabi/lib/thumb/v7e-m/libc_nano.a(lib_a-stdio.o) (_write_r)
/home/chris/dev/bin/../lib/gcc/arm-none-eabi/7.3.1/../../../../arm-none-eabi/lib/thumb/v7e-m/libc_nano.a(lib_a-wsetup.o)
                              /home/chris/dev/bin/../lib/gcc/arm-none-eabi/7.3.1/../../../../arm-none-eabi/lib/thumb/v7e-m/libc_nano.a(lib_a-nano-vfprintf.o) (__swsetup_r)
/home/chris/dev/bin/../lib/gcc/arm-none-eabi/7.3.1/../../../../arm-none-eabi/lib/thumb/v7e-m/libc_nano.a(lib_a-closer.o)
                              /home/chris/dev/bin/../lib/gcc/arm-none-eabi/7.3.1/../../../../arm-none-eabi/lib/thumb/v7e-m/libc_nano.a(lib_a-stdio.o) (_close_r)
/home/chris/dev/bin/../lib/gcc/arm-none-eabi/7.3.1/../../../../arm-none-eabi/lib/thumb/v7e-m/libc_nano.a(lib_a-fflush.o)
                              /home/chris/dev/bin/../lib/gcc/arm-none-eabi/7.3.1/../../../../arm-none-eabi/lib/thumb/v7e-m/libc_nano.a(lib_a-findfp.o) (_fflush_r)
/home/chris/dev/bin/../lib/gcc/arm-none-eabi/7.3.1/../../../../arm-none-eabi/lib/thumb/v7e-m/libc_nano.a(lib_a-fvwrite.o)
[...]
Memory Configuration

Name             Origin             Length             Attributes
rom              0x0000000000004000 0x000000000007c000 xr
ram              0x0000000020000000 0x0000000000030000 xrw
bkupram          0x0000000047000000 0x0000000000002000 xrw
qspi             0x0000000004000000 0x0000000001000000 xrw
*default*        0x0000000000000000 0xffffffffffffffff

Linker script and memory map

LOAD /home/chris/dev/bin/../lib/gcc/arm-none-eabi/7.3.1/thumb/v7e-m/crti.o
LOAD /home/chris/dev/bin/../lib/gcc/arm-none-eabi/7.3.1/thumb/v7e-m/crtbegin.o
LOAD /home/chris/dev/bin/../lib/gcc/arm-none-eabi/7.3.1/../../../../arm-none-eabi/lib/thumb/v7e-m/crt0.o
LOAD hal/src/hal_io.o
LOAD hpl/systick/hpl_systick.o
LOAD hpl/core/hpl_core_m4.o
LOAD hal/utils/src/utils_syscalls.o
LOAD hal/src/hal_timer.o
LOAD hal/src/hal_delay.o
LOAD hpl/oscctrl/hpl_oscctrl.o
LOAD hpl/core/hpl_init.o
LOAD hpl/ramecc/hpl_ramecc.o
LOAD hal/utils/src/utils_list.o
LOAD gcc/system_samd51.o
LOAD hal/utils/src/utils_assert.o
LOAD hpl/dmac/hpl_dmac.o
LOAD hpl/pm/hpl_pm.o
LOAD hpl/mclk/hpl_mclk.o
LOAD hpl/gclk/hpl_gclk.o
LOAD hal/src/hal_init.o
LOAD gcc/gcc/startup_samd51.o
LOAD hpl/osc32kctrl/hpl_osc32kctrl.o
LOAD hpl/rtc/hpl_rtc.o
LOAD examples/driver_examples.o
LOAD driver_init.o
LOAD hal/src/hal_gpio.o
LOAD hal/utils/src/utils_event.o
LOAD hal/src/hal_sleep.o
LOAD atmel_start.o
LOAD hpl/tc/hpl_tc.o
LOAD gpio_local.o
LOAD clock_init.o
LOAD main.o
LOAD hal/src/hal_atomic.o
START GROUP
LOAD /home/chris/dev/bin/../lib/gcc/arm-none-eabi/7.3.1/../../../../arm-none-eabi/lib/thumb/v7e-m/libm.a
END GROUP
START GROUP
LOAD /home/chris/dev/bin/../lib/gcc/arm-none-eabi/7.3.1/thumb/v7e-m/libgcc.a
LOAD /home/chris/dev/bin/../lib/gcc/arm-none-eabi/7.3.1/../../../../arm-none-eabi/lib/thumb/v7e-m/libc_nano.a
END GROUP
START GROUP
LOAD /home/chris/dev/bin/../lib/gcc/arm-none-eabi/7.3.1/thumb/v7e-m/libgcc.a
LOAD /home/chris/dev/bin/../lib/gcc/arm-none-eabi/7.3.1/../../../../arm-none-eabi/lib/thumb/v7e-m/libc_nano.a
END GROUP
LOAD /home/chris/dev/bin/../lib/gcc/arm-none-eabi/7.3.1/thumb/v7e-m/crtend.o
LOAD /home/chris/dev/bin/../lib/gcc/arm-none-eabi/7.3.1/thumb/v7e-m/crtn.o
                0x000000000000c000                STACK_SIZE = DEFINED (STACK_SIZE)?STACK_SIZE:DEFINED (__stack_size__)?__stack_size__:0xc000

.text           0x0000000000004000      0xef4
                0x0000000000004000                . = ALIGN (0x4)
                0x0000000000004000                _sfixed = .
 *(.vectors .vectors.*)
 .vectors       0x0000000000004000      0x264 gcc/gcc/startup_samd51.o
                0x0000000000004000                exception_table
 *(.text .text.* .gnu.linkonce.t.*)
 .text          0x0000000000004264       0x40 /home/chris/dev/bin/../lib/gcc/arm-none-eabi/7.3.1/thumb/v7e-m/crtbegin.o
 .text.RAMECC_Handler
                0x00000000000042a4       0x38 hpl/ramecc/hpl_ramecc.o
                0x00000000000042a4                RAMECC_Handler
 .text.SystemInit
                0x00000000000042dc       0x10 gcc/system_samd51.o
                0x00000000000042dc                SystemInit
 .text.SystemCoreClockUpdate
                0x00000000000042ec       0x10 gcc/system_samd51.o
                0x00000000000042ec                SystemCoreClockUpdate
 .text.Dummy_Handler
                0x00000000000042fc        0x2 gcc/gcc/startup_samd51.o
                0x00000000000042fc                EIC_5_Handler
                0x00000000000042fc                SERCOM0_2_Handler
                0x00000000000042fc                DebugMon_Handler
                0x00000000000042fc                EIC_13_Handler
                0x00000000000042fc                EVSYS_0_Handler
                0x00000000000042fc                TCC1_3_Handler
                0x00000000000042fc                DAC_3_Handler
                0x00000000000042fc                TRNG_Handler
                0x00000000000042fc                HardFault_Handler
                0x00000000000042fc                TC2_Handler
                0x00000000000042fc                PDEC_2_Handler
                0x00000000000042fc                EIC_4_Handler
                0x00000000000042fc                AC_Handler
                0x00000000000042fc                SERCOM3_1_Handler
                0x00000000000042fc                SysTick_Handler
                0x00000000000042fc                TCC2_3_Handler
                0x00000000000042fc                SERCOM3_2_Handler
                0x00000000000042fc                PendSV_Handler
                0x00000000000042fc                NMI_Handler
                0x00000000000042fc                ADC1_1_Handler
                0x00000000000042fc                EVSYS_3_Handler
                0x00000000000042fc                PDEC_0_Handler
                0x00000000000042fc                QSPI_Handler
                0x00000000000042fc                TCC0_0_Handler
                0x00000000000042fc                EIC_3_Handler
                0x00000000000042fc                TAL_0_Handler
                0x00000000000042fc                DAC_2_Handler
                0x00000000000042fc                SERCOM0_0_Handler
                0x00000000000042fc                UsageFault_Handler
                0x00000000000042fc                SERCOM4_0_Handler
                0x00000000000042fc                EIC_10_Handler
                0x00000000000042fc                SERCOM0_3_Handler
                0x00000000000042fc                EIC_11_Handler
                0x00000000000042fc                EIC_9_Handler
                0x00000000000042fc                OSC32KCTRL_Handler
                0x00000000000042fc                TCC2_1_Handler
                0x00000000000042fc                SUPC_1_Handler
                0x00000000000042fc                TCC0_5_Handler
                0x00000000000042fc                TCC0_6_Handler
                0x00000000000042fc                EVSYS_1_Handler
                0x00000000000042fc                TCC1_4_Handler
                0x00000000000042fc                DMAC_0_Handler
                0x00000000000042fc                WDT_Handler
                0x00000000000042fc                EIC_8_Handler
                0x00000000000042fc                EIC_15_Handler
                0x00000000000042fc                SERCOM5_0_Handler
                0x00000000000042fc                OSCCTRL_4_Handler
                0x00000000000042fc                SERCOM4_3_Handler
                0x00000000000042fc                EIC_12_Handler
                0x00000000000042fc                DMAC_4_Handler
                0x00000000000042fc                PAC_Handler
                0x00000000000042fc                TCC1_0_Handler
                0x00000000000042fc                USB_0_Handler
                0x00000000000042fc                OSCCTRL_0_Handler
                0x00000000000042fc                EIC_0_Handler
                0x00000000000042fc                OSCCTRL_3_Handler
                0x00000000000042fc                SERCOM4_1_Handler
                0x00000000000042fc                TC3_Handler
                0x00000000000042fc                Dummy_Handler
                0x00000000000042fc                TCC2_2_Handler
                0x00000000000042fc                SERCOM5_1_Handler
                0x00000000000042fc                TCC1_1_Handler
                0x00000000000042fc                DMAC_2_Handler
                0x00000000000042fc                ADC0_0_Handler
                0x00000000000042fc                SERCOM0_1_Handler
                0x00000000000042fc                OSCCTRL_2_Handler
                0x00000000000042fc                ADC1_0_Handler
                0x00000000000042fc                TCC1_2_Handler
                0x00000000000042fc                USB_1_Handler
                0x00000000000042fc                PM_Handler
                0x00000000000042fc                SERCOM2_3_Handler
                0x00000000000042fc                DAC_4_Handler
                0x00000000000042fc                TCC0_2_Handler
                0x00000000000042fc                DMAC_1_Handler
                0x00000000000042fc                USB_3_Handler
                0x00000000000042fc                TCC2_0_Handler
                0x00000000000042fc                PDEC_1_Handler
                0x00000000000042fc                MemManage_Handler
                0x00000000000042fc                SERCOM5_3_Handler
                0x00000000000042fc                USB_2_Handler
                0x00000000000042fc                SVC_Handler
                0x00000000000042fc                SDHC0_Handler
                0x00000000000042fc                SERCOM1_1_Handler
                0x00000000000042fc                EIC_2_Handler
                0x00000000000042fc                PCC_Handler
                0x00000000000042fc                DAC_0_Handler
                0x00000000000042fc                TCC0_1_Handler
                0x00000000000042fc                SERCOM1_3_Handler
                0x00000000000042fc                EIC_6_Handler
                0x00000000000042fc                OSCCTRL_1_Handler
                0x00000000000042fc                SERCOM1_0_Handler
                0x00000000000042fc                PUKCC_Handler
                0x00000000000042fc                SERCOM2_1_Handler
                0x00000000000042fc                SERCOM1_2_Handler
                0x00000000000042fc                SERCOM3_0_Handler
                0x00000000000042fc                EIC_1_Handler
                0x00000000000042fc                SERCOM4_2_Handler
                0x00000000000042fc                EVSYS_4_Handler
                0x00000000000042fc                EIC_7_Handler
                0x00000000000042fc                NVMCTRL_1_Handler
                0x00000000000042fc                SERCOM5_2_Handler
                0x00000000000042fc                SERCOM3_3_Handler
                0x00000000000042fc                ADC0_1_Handler
                0x00000000000042fc                SERCOM2_2_Handler
                0x00000000000042fc                EIC_14_Handler
                0x00000000000042fc                DAC_1_Handler
                0x00000000000042fc                NVMCTRL_0_Handler
                0x00000000000042fc                TAL_1_Handler
                0x00000000000042fc                MCLK_Handler
                0x00000000000042fc                EVSYS_2_Handler
                0x00000000000042fc                SUPC_0_Handler
                0x00000000000042fc                BusFault_Handler
                0x00000000000042fc                FREQM_Handler
                0x00000000000042fc                TCC0_3_Handler
                0x00000000000042fc                DMAC_3_Handler
                0x00000000000042fc                TCC0_4_Handler
                0x00000000000042fc                SERCOM2_0_Handler
                0x00000000000042fc                AES_Handler
                0x00000000000042fc                ICM_Handler
 *fill*         0x00000000000042fe        0x2 
 .text.Reset_Handler
                0x0000000000004300       0x78 gcc/gcc/startup_samd51.o
                0x0000000000004300                Reset_Handler
 .text.RTC_Handler
                0x0000000000004378       0x24 hpl/rtc/hpl_rtc.o
                0x0000000000004378                RTC_Handler
 .text.tc_interrupt_handler
                0x000000000000439c       0x12 hpl/tc/hpl_tc.o
 *fill*         0x00000000000043ae        0x2 
 .text.TC0_Handler
                0x00000000000043b0       0x10 hpl/tc/hpl_tc.o
                0x00000000000043b0                TC0_Handler
 .text.TC1_Handler
                0x00000000000043c0       0x10 hpl/tc/hpl_tc.o
                0x00000000000043c0                TC1_Handler
 .text.pins_setup
                0x00000000000043d0       0x1c main.o
                0x00000000000043d0                pins_setup
 .text.ClockInit120
                0x00000000000043ec       0xbc main.o
                0x00000000000043ec                ClockInit120
 .text.setup_PA14_as_GCLK_IO
                0x00000000000044a8       0x38 main.o
                0x00000000000044a8                setup_PA14_as_GCLK_IO
 .text.pip_space
                0x00000000000044e0       0x16 main.o
                0x00000000000044e0                pip_space
 *fill*         0x00000000000044f6        0x2 
 .text.send_vy_nothing
                0x00000000000044f8       0x24 main.o
                0x00000000000044f8                send_vy_nothing
 .text.send_sm_nothing
                0x000000000000451c       0x24 main.o
                0x000000000000451c                send_sm_nothing
 .text.send_nothing
                0x0000000000004540       0x24 main.o
                0x0000000000004540                send_nothing
 .text.common_end
                0x0000000000004564       0x34 main.o
                0x0000000000004564                common_end
 .text.bit_CLR  0x0000000000004598       0x18 main.o
                0x0000000000004598                bit_CLR
 .text.bit_SET  0x00000000000045b0       0x1c main.o
                0x00000000000045b0                bit_SET
 .text.send_preamble
                0x00000000000045cc       0x20 main.o
                0x00000000000045cc                send_preamble
 .text.send_bravo
                0x00000000000045ec       0x30 main.o
                0x00000000000045ec                send_bravo
 .text.send_foxtrot
                0x000000000000461c       0x30 main.o
                0x000000000000461c                send_foxtrot
 .text.send_delta
                0x000000000000464c       0x30 main.o
                0x000000000000464c                send_delta
 .text.send_echo
                0x000000000000467c       0x30 main.o
                0x000000000000467c                send_echo
 .text.send_charley
                0x00000000000046ac       0x30 main.o
                0x00000000000046ac                send_charley
 .text.send_golf
                0x00000000000046dc       0x30 main.o
                0x00000000000046dc                send_golf
 .text.send_three
                0x000000000000470c       0x30 main.o
                0x000000000000470c                send_three
 .text.send_two
                0x000000000000473c       0x30 main.o
                0x000000000000473c                send_two
 .text.send_lf  0x000000000000476c       0x30 main.o
                0x000000000000476c                send_lf
 .text.send_cr  0x000000000000479c       0x30 main.o
                0x000000000000479c                send_cr
 .text.send_crlf
                0x00000000000047cc       0x18 main.o
                0x00000000000047cc                send_crlf
 .text.send_space
                0x00000000000047e4       0x3c main.o
                0x00000000000047e4                send_space
 .text.send_gap
                0x0000000000004820       0x18 main.o
                0x0000000000004820                send_gap
 .text.send_gapp
                0x0000000000004838       0x18 main.o
                0x0000000000004838                send_gapp
 .text.send_gapspace
                0x0000000000004850       0x18 main.o
                0x0000000000004850                send_gapspace
 .text.send_zero
                0x0000000000004868       0x30 main.o
                0x0000000000004868                send_zero
 .text.send_nine
                0x0000000000004898       0x30 main.o
                0x0000000000004898                send_nine
 .text.send_six
                0x00000000000048c8       0x30 main.o
                0x00000000000048c8                send_six
 .text.send_eight
                0x00000000000048f8       0x30 main.o
                0x00000000000048f8                send_eight
 .text.send_november
                0x0000000000004928       0x30 main.o
                0x0000000000004928                send_november
 .text.send_romeo
                0x0000000000004958       0x30 main.o
                0x0000000000004958                send_romeo
 .text.send_four
                0x0000000000004988       0x30 main.o
                0x0000000000004988                send_four
 .text.send_tango
                0x00000000000049b8       0x30 main.o
                0x00000000000049b8                send_tango
 .text.send_one
                0x00000000000049e8       0x30 main.o
                0x00000000000049e8                send_one
 .text.send_alpha
                0x0000000000004a18       0x30 main.o
                0x0000000000004a18                send_alpha
 .text.send_whiskey
                0x0000000000004a48       0x3c main.o
                0x0000000000004a48                send_whiskey
 .text.send_seven
                0x0000000000004a84       0x3c main.o
                0x0000000000004a84                send_seven
 .text.send_five
                0x0000000000004ac0       0x3c main.o
                0x0000000000004ac0                send_five
 .text.send_at_symb
                0x0000000000004afc       0x4c main.o
                0x0000000000004afc                send_at_symb
 .text.send_quebec
                0x0000000000004b48       0x68 main.o
                0x0000000000004b48                send_quebec
 .text.printty_zero
                0x0000000000004bb0       0x18 main.o
                0x0000000000004bb0                printty_zero
 .text.printty_one
                0x0000000000004bc8       0x18 main.o
                0x0000000000004bc8                printty_one
 .text.showbits
                0x0000000000004be0       0x3c main.o
                0x0000000000004be0                showbits
 .text.blitwbits
                0x0000000000004c1c       0x38 main.o
                0x0000000000004c1c                blitwbits
 .text.print_mar
                0x0000000000004c54       0x8c main.o
                0x0000000000004c54                print_mar
 .text.do_this  0x0000000000004ce0       0x30 main.o
                0x0000000000004ce0                do_this
 .text.startup.main
                0x0000000000004d10      0x17c main.o
                0x0000000000004d10                main
 .text.__libc_init_array
                0x0000000000004e8c       0x48 /home/chris/dev/bin/../lib/gcc/arm-none-eabi/7.3.1/../../../../arm-none-eabi/lib/thumb/v7e-m/libc_nano.a(lib_a-init.o)
                0x0000000000004e8c                __libc_init_array
 *(.glue_7t)
 .glue_7t       0x0000000000004ed4        0x0 linker stubs
 *(.glue_7)
 .glue_7        0x0000000000004ed4        0x0 linker stubs
 *(.rodata .rodata* .gnu.linkonce.r.*)
 *(.ARM.extab* .gnu.linkonce.armextab.*)
                0x0000000000004ed4                . = ALIGN (0x4)
 *(.init)
 .init          0x0000000000004ed4        0x4 /home/chris/dev/bin/../lib/gcc/arm-none-eabi/7.3.1/thumb/v7e-m/crti.o
                0x0000000000004ed4                _init
 .init          0x0000000000004ed8        0x8 /home/chris/dev/bin/../lib/gcc/arm-none-eabi/7.3.1/thumb/v7e-m/crtn.o
                0x0000000000004ee0                . = ALIGN (0x4)
                0x0000000000004ee0                __preinit_array_start = .
 *(.preinit_array)
                0x0000000000004ee0                __preinit_array_end = .
                0x0000000000004ee0                . = ALIGN (0x4)
                0x0000000000004ee0                __init_array_start = .
 *(SORT_BY_NAME(.init_array.*))
 *(.init_array)
 .init_array    0x0000000000004ee0        0x4 /home/chris/dev/bin/../lib/gcc/arm-none-eabi/7.3.1/thumb/v7e-m/crtbegin.o
                0x0000000000004ee4                __init_array_end = .
                0x0000000000004ee4                . = ALIGN (0x4)
 *crtbegin.o(.ctors)
 *(EXCLUDE_FILE(*crtend.o) .ctors)
 *(SORT_BY_NAME(.ctors.*))
 *crtend.o(.ctors)
                0x0000000000004ee4                . = ALIGN (0x4)
 *(.fini)
 .fini          0x0000000000004ee4        0x4 /home/chris/dev/bin/../lib/gcc/arm-none-eabi/7.3.1/thumb/v7e-m/crti.o
                0x0000000000004ee4                _fini
 .fini          0x0000000000004ee8        0x8 /home/chris/dev/bin/../lib/gcc/arm-none-eabi/7.3.1/thumb/v7e-m/crtn.o
                0x0000000000004ef0                . = ALIGN (0x4)
                0x0000000000004ef0                __fini_array_start = .
 *(.fini_array)
 .fini_array    0x0000000000004ef0        0x4 /home/chris/dev/bin/../lib/gcc/arm-none-eabi/7.3.1/thumb/v7e-m/crtbegin.o
 *(SORT_BY_NAME(.fini_array.*))
                0x0000000000004ef4                __fini_array_end = .
 *crtbegin.o(.dtors)
 *(EXCLUDE_FILE(*crtend.o) .dtors)
 *(SORT_BY_NAME(.dtors.*))
 *crtend.o(.dtors)
                0x0000000000004ef4                . = ALIGN (0x4)
                0x0000000000004ef4                _efixed = .
                [!provide]                        PROVIDE (__exidx_start = .)

.vfp11_veneer   0x0000000000004ef4        0x0
 .vfp11_veneer  0x0000000000004ef4        0x0 linker stubs

.v4_bx          0x0000000000004ef4        0x0
 .v4_bx         0x0000000000004ef4        0x0 linker stubs

.iplt           0x0000000000004ef4        0x0
 .iplt          0x0000000000004ef4        0x0 /home/chris/dev/bin/../lib/gcc/arm-none-eabi/7.3.1/thumb/v7e-m/crtbegin.o

.igot.plt       0x0000000000004ef4        0x0
 .igot.plt      0x0000000000004ef4        0x0 /home/chris/dev/bin/../lib/gcc/arm-none-eabi/7.3.1/thumb/v7e-m/crtbegin.o

.eh_frame       0x0000000000004ef4        0x0
 .eh_frame      0x0000000000004ef4        0x0 /home/chris/dev/bin/../lib/gcc/arm-none-eabi/7.3.1/thumb/v7e-m/crtbegin.o

.rel.dyn        0x0000000000004ef4        0x0
 .rel.iplt      0x0000000000004ef4        0x0 /home/chris/dev/bin/../lib/gcc/arm-none-eabi/7.3.1/thumb/v7e-m/crtbegin.o

.ARM.exidx
 *(.ARM.exidx* .gnu.linkonce.armexidx.*)
                [!provide]                        PROVIDE (__exidx_end = .)
                0x0000000000004ef4                . = ALIGN (0x4)
                0x0000000000004ef4                _etext = .

.relocate       0x0000000020000000        0xc load address 0x0000000000004ef4
                0x0000000020000000                . = ALIGN (0x4)
                0x0000000020000000                _srelocate = .
 *(.ramfunc .ramfunc.*)
 *(.data .data.*)
 .data          0x0000000020000000        0x4 gcc/system_samd51.o
                0x0000000020000000                SystemCoreClock
 .data          0x0000000020000004        0x8 main.o
                0x0000000020000004                tick_h
                0x0000000020000008                held
                0x0000000020000009                hold
                0x000000002000000a                stuffit
                0x000000002000000b                scrap
                0x000000002000000c                . = ALIGN (0x4)
                0x000000002000000c                _erelocate = .

.bkupram        0x0000000047000000        0x0
                0x0000000047000000                . = ALIGN (0x8)
                0x0000000047000000                _sbkupram = .
 *(.bkupram .bkupram.*)
                0x0000000047000000                . = ALIGN (0x8)
                0x0000000047000000                _ebkupram = .

.qspi           0x0000000004000000        0x0
                0x0000000004000000                . = ALIGN (0x8)
                0x0000000004000000                _sqspi = .
 *(.qspi .qspi.*)
                0x0000000004000000                . = ALIGN (0x8)
                0x0000000004000000                _eqspi = .

.bss            0x000000002000000c       0x38 load address 0x0000000000004f00
                0x000000002000000c                . = ALIGN (0x4)
                0x000000002000000c                _sbss = .
                0x000000002000000c                _szero = .
 *(.bss .bss.*)
 .bss           0x000000002000000c       0x1c /home/chris/dev/bin/../lib/gcc/arm-none-eabi/7.3.1/thumb/v7e-m/crtbegin.o
 .bss           0x0000000020000028        0x4 hpl/rtc/hpl_rtc.o
 .bss           0x000000002000002c        0x8 hpl/tc/hpl_tc.o
 *(COMMON)
 COMMON         0x0000000020000034       0x10 hpl/ramecc/hpl_ramecc.o
                0x0000000020000034                device
                0x0000000020000044                . = ALIGN (0x4)
                0x0000000020000044                _ebss = .
                0x0000000020000044                _ezero = .

.stack          0x0000000020000044     0xc004 load address 0x0000000000004f38
                0x0000000020000048                . = ALIGN (0x8)
 *fill*         0x0000000020000044        0x4 
                0x0000000020000048                _sstack = .
                0x000000002000c048                . = (. + STACK_SIZE)
 *fill*         0x0000000020000048     0xc000 
                0x000000002000c048                . = ALIGN (0x8)
                0x000000002000c048                _estack = .
                0x000000002000c048                . = ALIGN (0x4)
                0x000000002000c048                _end = .
OUTPUT(AtmelStart.elf elf32-littlearm)

.ARM.attributes
                0x0000000000000000       0x2e
 .ARM.attributes
                0x0000000000000000       0x1e /home/chris/dev/bin/../lib/gcc/arm-none-eabi/7.3.1/thumb/v7e-m/crti.o
 .ARM.attributes
                0x000000000000001e       0x2e /home/chris/dev/bin/../lib/gcc/arm-none-eabi/7.3.1/thumb/v7e-m/crtbegin.o
 .ARM.attributes
                0x000000000000004c       0x37 hpl/ramecc/hpl_ramecc.o
 .ARM.attributes
                0x0000000000000083       0x37 gcc/system_samd51.o
 .ARM.attributes
                0x00000000000000ba       0x37 gcc/gcc/startup_samd51.o
 .ARM.attributes
                0x00000000000000f1       0x37 hpl/rtc/hpl_rtc.o
 .ARM.attributes
                0x0000000000000128       0x37 hpl/tc/hpl_tc.o
 .ARM.attributes
                0x000000000000015f       0x37 main.o
 .ARM.attributes
                0x0000000000000196       0x2e /home/chris/dev/bin/../lib/gcc/arm-none-eabi/7.3.1/../../../../arm-none-eabi/lib/thumb/v7e-m/libc_nano.a(lib_a-init.o)
 .ARM.attributes
                0x00000000000001c4       0x1e /home/chris/dev/bin/../lib/gcc/arm-none-eabi/7.3.1/thumb/v7e-m/crtn.o

.comment        0x0000000000000000       0x7f
 .comment       0x0000000000000000       0x7f hpl/ramecc/hpl_ramecc.o
                                         0x80 (size before relaxing)
 .comment       0x000000000000007f       0x80 gcc/system_samd51.o
 .comment       0x000000000000007f       0x80 gcc/gcc/startup_samd51.o
 .comment       0x000000000000007f       0x80 hpl/rtc/hpl_rtc.o
 .comment       0x000000000000007f       0x80 hpl/tc/hpl_tc.o
 .comment       0x000000000000007f       0x80 main.o

.debug_info     0x0000000000000000     0xb9e3
 .debug_info    0x0000000000000000      0xb09 hpl/ramecc/hpl_ramecc.o
 .debug_info    0x0000000000000b09       0xe3 gcc/system_samd51.o
 .debug_info    0x0000000000000bec      0xbb9 gcc/gcc/startup_samd51.o
 .debug_info    0x00000000000017a5     0x3265 hpl/rtc/hpl_rtc.o
 .debug_info    0x0000000000004a0a     0x27b2 hpl/tc/hpl_tc.o
 .debug_info    0x00000000000071bc     0x4827 main.o

.debug_abbrev   0x0000000000000000     0x1149
 .debug_abbrev  0x0000000000000000      0x303 hpl/ramecc/hpl_ramecc.o
 .debug_abbrev  0x0000000000000303       0xa0 gcc/system_samd51.o
 .debug_abbrev  0x00000000000003a3      0x18a gcc/gcc/startup_samd51.o
 .debug_abbrev  0x000000000000052d      0x3c7 hpl/rtc/hpl_rtc.o
 .debug_abbrev  0x00000000000008f4      0x540 hpl/tc/hpl_tc.o
 .debug_abbrev  0x0000000000000e34      0x315 main.o

.debug_loc      0x0000000000000000      0xefe
 .debug_loc     0x0000000000000000       0xf3 hpl/ramecc/hpl_ramecc.o
 .debug_loc     0x00000000000000f3       0x43 gcc/gcc/startup_samd51.o
 .debug_loc     0x0000000000000136      0x35e hpl/rtc/hpl_rtc.o
 .debug_loc     0x0000000000000494      0x805 hpl/tc/hpl_tc.o
 .debug_loc     0x0000000000000c99      0x265 main.o

.debug_aranges  0x0000000000000000      0x350
 .debug_aranges
                0x0000000000000000       0x30 hpl/ramecc/hpl_ramecc.o
 .debug_aranges
                0x0000000000000030       0x20 gcc/system_samd51.o
 .debug_aranges
                0x0000000000000050       0x28 gcc/gcc/startup_samd51.o
 .debug_aranges
                0x0000000000000078       0x68 hpl/rtc/hpl_rtc.o
 .debug_aranges
                0x00000000000000e0       0x90 hpl/tc/hpl_tc.o
 .debug_aranges
                0x0000000000000170      0x1e0 main.o

.debug_ranges   0x0000000000000000      0x4e8
 .debug_ranges  0x0000000000000000       0x50 hpl/ramecc/hpl_ramecc.o
 .debug_ranges  0x0000000000000050       0x10 gcc/system_samd51.o
 .debug_ranges  0x0000000000000060       0x18 gcc/gcc/startup_samd51.o
 .debug_ranges  0x0000000000000078       0x70 hpl/rtc/hpl_rtc.o
 .debug_ranges  0x00000000000000e8       0xd8 hpl/tc/hpl_tc.o
 .debug_ranges  0x00000000000001c0      0x328 main.o

.debug_macro    0x0000000000000000     0x2281
 .debug_macro   0x0000000000000000      0x5d0 hpl/ramecc/hpl_ramecc.o
 .debug_macro   0x00000000000005d0       0x10 hpl/ramecc/hpl_ramecc.o
 .debug_macro   0x00000000000005e0      0x402 gcc/system_samd51.o
 .debug_macro   0x00000000000009e2       0x55 gcc/system_samd51.o
 .debug_macro   0x0000000000000a37      0x3fc gcc/gcc/startup_samd51.o
 .debug_macro   0x0000000000000e33      0x5e4 hpl/rtc/hpl_rtc.o
 .debug_macro   0x0000000000001417       0x78 hpl/rtc/hpl_rtc.o
 .debug_macro   0x000000000000148f      0x627 hpl/tc/hpl_tc.o
 .debug_macro   0x0000000000001ab6       0x10 hpl/tc/hpl_tc.o
 .debug_macro   0x0000000000001ac6      0x116 hpl/tc/hpl_tc.o
 .debug_macro   0x0000000000001bdc      0x6a5 main.o

.debug_line     0x0000000000000000     0x3c36
 .debug_line    0x0000000000000000      0x979 hpl/ramecc/hpl_ramecc.o
 .debug_line    0x0000000000000979      0x579 gcc/system_samd51.o
 .debug_line    0x0000000000000ef2      0x5b2 gcc/gcc/startup_samd51.o
 .debug_line    0x00000000000014a4      0xaad hpl/rtc/hpl_rtc.o
 .debug_line    0x0000000000001f51      0xbef hpl/tc/hpl_tc.o
 .debug_line    0x0000000000002b40     0x10f6 main.o

.debug_str      0x0000000000000000    0xd27a8
 .debug_str     0x0000000000000000    0xceb7a hpl/ramecc/hpl_ramecc.o
                                      0xcf0c4 (size before relaxing)
 .debug_str     0x00000000000ceb7a       0x52 gcc/system_samd51.o
                                      0xccf24 (size before relaxing)
 .debug_str     0x00000000000cebcc      0xb67 gcc/gcc/startup_samd51.o
                                      0xcda7d (size before relaxing)
 .debug_str     0x00000000000cf733      0xb7b hpl/rtc/hpl_rtc.o
                                      0xcf567 (size before relaxing)
 .debug_str     0x00000000000d02ae     0x113f hpl/tc/hpl_tc.o
                                      0xd010d (size before relaxing)
 .debug_str     0x00000000000d13ed     0x13bb main.o
                                      0xcf897 (size before relaxing)

.debug_frame    0x0000000000000000      0x93c
 .debug_frame   0x0000000000000000       0x4c hpl/ramecc/hpl_ramecc.o
 .debug_frame   0x000000000000004c       0x30 gcc/system_samd51.o
 .debug_frame   0x000000000000007c       0x38 gcc/gcc/startup_samd51.o
 .debug_frame   0x00000000000000b4       0xdc hpl/rtc/hpl_rtc.o
 .debug_frame   0x0000000000000190      0x134 hpl/tc/hpl_tc.o
 .debug_frame   0x00000000000002c4      0x64c main.o
 .debug_frame   0x0000000000000910       0x2c /home/chris/dev/bin/../lib/gcc/arm-none-eabi/7.3.1/../../../../arm-none-eabi/lib/thumb/v7e-m/libc_nano.a(lib_a-init.o)
